###############################################################################
#
# IAR ELF Linker V9.40.2.374/W64 for ARM                  08/Nov/2023  16:09:40
# Copyright 2007-2023 IAR Systems AB.
#
#    Output file  =  C:\Users\kokor\Desktop\New folder\Debug\Exe\NewProject.out
#    Map file     =
#        C:\Users\kokor\Desktop\New folder\Debug\List\NewProject.map
#    Command line =
#        -f "C:\Users\kokor\Desktop\New folder\Debug\Exe\NewProject.out.rsp"
#        ("C:\Users\kokor\Desktop\New
#        folder\Debug\Obj\source_5634686896477721948.dir\DIO.o"
#        "C:\Users\kokor\Desktop\New
#        folder\Debug\Obj\source_5634686896477721948.dir\main.o"
#        --no_out_extension -o "C:\Users\kokor\Desktop\New
#        folder\Debug\Exe\NewProject.out" --map "C:\Users\kokor\Desktop\New
#        folder\Debug\List\NewProject.map" --config "C:\Program Files\IAR
#        Systems\Embedded Workbench
#        9.2\arm/config/linker/TexasInstruments/TM4C123GH6.icf" --semihosting
#        --entry __iar_program_start --vfe --text_out locale --cpu=Cortex-M4
#        --fpu=VFPv4_sp) --dependencies=n "C:\Users\kokor\Desktop\New
#        folder\Debug\Exe\NewProject.out.iar_deps"
#
###############################################################################

*******************************************************************************
*** RUNTIME MODEL ATTRIBUTES
***

CppFlavor       = *
__CPP_Runtime   = 1
__SystemLibrary = DLib
__dlib_version  = 6


*******************************************************************************
*** HEAP SELECTION
***

The basic heap was selected because --advanced_heap
was not specified and the application did not appear to
be primarily optimized for speed.


*******************************************************************************
*** PLACEMENT SUMMARY
***

"A0":  place at address 0x0 { ro section .intvec };
"P1":  place in [from 0x0 to 0x3'ffff] { ro };
define block CSTACK with size = 4K, alignment = 8 { };
define block HEAP with size = 8K, alignment = 8 { };
"P2":  place in [from 0x2000'0000 to 0x2000'7fff] {
          rw, block CSTACK, block HEAP };

No sections matched the following patterns:

  rw  in "P2"


  Section   Kind         Address    Size  Object
  -------   ----         -------    ----  ------
"A0":                               0x40
  .intvec   ro code          0x0    0x40  vector_table_M.o [4]
                          - 0x40    0x40

"P1":                              0x480
  .text     ro code         0x40   0x36c  main.o [1]
  .text     ro code        0x3ac    0x8c  DIO.o [1]
  .text     ro code        0x438    0x22  fpinit_M.o [3]
  .text     ro code        0x45a     0x2  vectortrap_M.o [4]
  .text     ro code        0x45c    0x1e  cmain.o [4]
  .text     ro code        0x47a     0x4  low_level_init.o [2]
  .text     ro code        0x47e     0x4  exit.o [2]
  .text     ro code        0x484     0xa  cexit.o [4]
  .text     ro code        0x490    0x14  exit.o [5]
  .text     ro code        0x4a4    0x1c  cstartup_M.o [4]
                         - 0x4c0   0x480

"P2":                             0x1000
  CSTACK             0x2000'0000  0x1000  <Block>
    CSTACK  uninit   0x2000'0000  0x1000  <Block tail>
                   - 0x2000'1000  0x1000

Unused ranges:

         From           To      Size
         ----           --      ----
        0x4c0     0x3'ffff  0x3'fb40
  0x2000'1000  0x2000'7fff    0x7000



*******************************************************************************
*** MODULE SUMMARY
***

    Module            ro code  rw data
    ------            -------  -------
command line/config:
    ----------------------------------
    Total:

C:\Users\kokor\Desktop\New folder\Debug\Obj\source_5634686896477721948.dir: [1]
    DIO.o                 140
    main.o                876
    ----------------------------------
    Total:              1'016

dl7M_tln.a: [2]
    exit.o                  4
    low_level_init.o        4
    ----------------------------------
    Total:                  8

m7M_tls.a: [3]
    fpinit_M.o             34
    ----------------------------------
    Total:                 34

rt7M_tl.a: [4]
    cexit.o                10
    cmain.o                30
    cstartup_M.o           28
    vector_table_M.o       64
    vectortrap_M.o          2
    ----------------------------------
    Total:                134

shb_l.a: [5]
    exit.o                 20
    ----------------------------------
    Total:                 20

    Gaps                    4
    Linker created               4'096
--------------------------------------
    Grand Total:        1'216    4'096


*******************************************************************************
*** ENTRY LIST
***

Entry                     Address   Size  Type      Object
-----                     -------   ----  ----      ------
?main                       0x45d         Code  Gb  cmain.o [4]
BusFault_Handler            0x45b         Code  Wk  vectortrap_M.o [4]
CSTACK$$Base          0x2000'0000          --   Gb  - Linker created -
CSTACK$$Limit         0x2000'1000          --   Gb  - Linker created -
DIO_Init                    0x3ad   0x42  Code  Gb  DIO.o [1]
DIO_ReadPin                 0x40b    0xe  Code  Gb  DIO.o [1]
DIO_WritePin                0x3ef   0x1c  Code  Gb  DIO.o [1]
DebugMon_Handler            0x45b         Code  Wk  vectortrap_M.o [4]
HardFault_Handler           0x45b         Code  Wk  vectortrap_M.o [4]
MemManage_Handler           0x45b         Code  Wk  vectortrap_M.o [4]
NMI_Handler                 0x45b         Code  Wk  vectortrap_M.o [4]
PendSV_Handler              0x45b         Code  Wk  vectortrap_M.o [4]
Region$$Table$$Base           0x0          --   Gb  - Linker created -
Region$$Table$$Limit          0x0          --   Gb  - Linker created -
SVC_Handler                 0x45b         Code  Wk  vectortrap_M.o [4]
SysTick_Handler             0x45b         Code  Wk  vectortrap_M.o [4]
UsageFault_Handler          0x45b         Code  Wk  vectortrap_M.o [4]
__cmain                     0x45d         Code  Gb  cmain.o [4]
__exit                      0x491   0x14  Code  Gb  exit.o [5]
__iar_init_vfp              0x439         Code  Gb  fpinit_M.o [3]
__iar_program_start         0x4a5         Code  Gb  cstartup_M.o [4]
__low_level_init            0x47b    0x4  Code  Gb  low_level_init.o [2]
__vector_table                0x0         Data  Gb  vector_table_M.o [4]
_call_main                  0x469         Code  Gb  cmain.o [4]
_exit                       0x485         Code  Gb  cexit.o [4]
delay                       0x389   0x1a  Code  Gb  main.o [1]
exit                        0x47f    0x4  Code  Gb  exit.o [2]
main                         0x41  0x348  Code  Gb  main.o [1]


[1] = C:\Users\kokor\Desktop\New folder\Debug\Obj\source_5634686896477721948.dir
[2] = dl7M_tln.a
[3] = m7M_tls.a
[4] = rt7M_tl.a
[5] = shb_l.a

  1'216 bytes of readonly  code memory
  4'096 bytes of readwrite data memory

Errors: none
Warnings: none
